{
  "key": "{{.ProjectID}}-{{.ComponentID}}",
  "name": "{{.ProjectID}}-{{.ComponentID}}",
  "isFavorite": false,
  "visibility": "public",
  "extensions": [],
  "qualityProfiles": [
    {
      "name": "Community Rust",
      "language": "rust",
      "deleted": false
    }
  ],
  "qualityGate": {
    "name": "Sonar way",
    "isDefault": true
  },
  "breadcrumbs": [
    {
      "key": "{{.ProjectID}}-{{.ComponentID}}",
      "name": "{{.ProjectID}}-{{.ComponentID}}",
      "qualifier": "TRK"
    }
  ]
}
